
> viewer@0.0.1 build
> astro build

[2m00:15:17[22m [34m[@astrojs/node][39m Enabling sessions with filesystem storage
[2m00:15:18[22m [34m[content][39m Syncing content
[2m00:15:18[22m [34m[content][39m Synced content
[2m00:15:18[22m [34m[types][39m Generated [2m176ms[22m
[2m00:15:18[22m [34m[build][39m output: [34m"server"[39m
[2m00:15:18[22m [34m[build][39m mode: [34m"server"[39m
[2m00:15:18[22m [34m[build][39m directory: [34mD:\GITHUB\landingreel_ia\apps\viewer\dist\[39m
[2m00:15:18[22m [34m[build][39m adapter: [32m@astrojs/node[39m
[2m00:15:18[22m [34m[build][39m Collecting build info...
[2m00:15:18[22m [34m[build][39m [32m✓ Completed in 254ms.[39m
[2m00:15:18[22m [34m[build][39m Building server entrypoints...
[2m00:15:21[22m [34m[vite][39m [32m✓ built in 2.71s[39m
[2m00:15:21[22m [34m[build][39m [32m✓ Completed in 2.84s.[39m

[42m[30m building client (vite) [39m[49m
[2m00:15:21[22m [34m[vite][39m transforming...
[2m00:15:24[22m [34m[vite][39m [32m✓[39m 1756 modules transformed.
[2m00:15:24[22m [34m[vite][39m rendering chunks...
[2m00:15:24[22m [34m[vite][39m computing gzip size...
[2m00:15:24[22m [34m[vite][39m [2mdist/client/[22m[36m_astro/index.DR626fqj.js   [39m[1m[2m 11.83 kB[22m[1m[22m[2m │ gzip:  4.23 kB[22m
[2m00:15:24[22m [34m[vite][39m [2mdist/client/[22m[36m_astro/ui.yiQLtgjV.js      [39m[1m[2m135.88 kB[22m[1m[22m[2m │ gzip: 51.12 kB[22m
[2m00:15:24[22m [34m[vite][39m [2mdist/client/[22m[36m_astro/client.BDFMVYaG.js  [39m[1m[2m182.70 kB[22m[1m[22m[2m │ gzip: 57.59 kB[22m
[2m00:15:24[22m [34m[vite][39m [32m✓ built in 3.21s[39m

[42m[30m prerendering static routes [39m[49m
[2m00:15:24[22m [32m✓ Completed in 41ms.
[39m
[2m00:15:24[22m [34m[build][39m Rearranging server assets...
[2m00:15:24[22m [34m[build][39m Server built in [1m6.55s[22m
[2m00:15:24[22m [34m[build][39m [1mComplete![22m
